Archive member included because of file (symbol)

c:/program files (x86)/gnu tools arm embedded/4.8 2013q4/bin/../lib/gcc/arm-none-eabi/4.8.3/../../../../arm-none-eabi/lib/armv7e-m/softfp\libc.a(lib_a-exit.o)
                              c:/program files (x86)/gnu tools arm embedded/4.8 2013q4/bin/../lib/gcc/arm-none-eabi/4.8.3/../../../../arm-none-eabi/lib/armv7e-m/softfp/crt0.o (exit)
c:/program files (x86)/gnu tools arm embedded/4.8 2013q4/bin/../lib/gcc/arm-none-eabi/4.8.3/../../../../arm-none-eabi/lib/armv7e-m/softfp\libc.a(lib_a-impure.o)
                              c:/program files (x86)/gnu tools arm embedded/4.8 2013q4/bin/../lib/gcc/arm-none-eabi/4.8.3/../../../../arm-none-eabi/lib/armv7e-m/softfp\libc.a(lib_a-exit.o) (_global_impure_ptr)
c:/program files (x86)/gnu tools arm embedded/4.8 2013q4/bin/../lib/gcc/arm-none-eabi/4.8.3/../../../../arm-none-eabi/lib/armv7e-m/softfp\libc.a(lib_a-init.o)
                              c:/program files (x86)/gnu tools arm embedded/4.8 2013q4/bin/../lib/gcc/arm-none-eabi/4.8.3/../../../../arm-none-eabi/lib/armv7e-m/softfp/crt0.o (__libc_init_array)
c:/program files (x86)/gnu tools arm embedded/4.8 2013q4/bin/../lib/gcc/arm-none-eabi/4.8.3/../../../../arm-none-eabi/lib/armv7e-m/softfp\libc.a(lib_a-memset.o)
                              c:/program files (x86)/gnu tools arm embedded/4.8 2013q4/bin/../lib/gcc/arm-none-eabi/4.8.3/../../../../arm-none-eabi/lib/armv7e-m/softfp/crt0.o (memset)
c:/program files (x86)/gnu tools arm embedded/4.8 2013q4/bin/../lib/gcc/arm-none-eabi/4.8.3/../../../../arm-none-eabi/lib/armv7e-m/softfp\libc.a(lib_a-__call_atexit.o)
                              c:/program files (x86)/gnu tools arm embedded/4.8 2013q4/bin/../lib/gcc/arm-none-eabi/4.8.3/../../../../arm-none-eabi/lib/armv7e-m/softfp\libc.a(lib_a-exit.o) (__call_exitprocs)
c:/program files (x86)/gnu tools arm embedded/4.8 2013q4/bin/../lib/gcc/arm-none-eabi/4.8.3/../../../../arm-none-eabi/lib/armv7e-m/softfp\libc.a(lib_a-atexit.o)
                              c:/program files (x86)/gnu tools arm embedded/4.8 2013q4/bin/../lib/gcc/arm-none-eabi/4.8.3/../../../../arm-none-eabi/lib/armv7e-m/softfp\libc.a(lib_a-__call_atexit.o) (atexit)
c:/program files (x86)/gnu tools arm embedded/4.8 2013q4/bin/../lib/gcc/arm-none-eabi/4.8.3/../../../../arm-none-eabi/lib/armv7e-m/softfp\libc.a(lib_a-fini.o)
                              c:/program files (x86)/gnu tools arm embedded/4.8 2013q4/bin/../lib/gcc/arm-none-eabi/4.8.3/../../../../arm-none-eabi/lib/armv7e-m/softfp\libc.a(lib_a-__call_atexit.o) (__libc_fini_array)
c:/program files (x86)/gnu tools arm embedded/4.8 2013q4/bin/../lib/gcc/arm-none-eabi/4.8.3/../../../../arm-none-eabi/lib/armv7e-m/softfp\libc.a(lib_a-__atexit.o)
                              c:/program files (x86)/gnu tools arm embedded/4.8 2013q4/bin/../lib/gcc/arm-none-eabi/4.8.3/../../../../arm-none-eabi/lib/armv7e-m/softfp\libc.a(lib_a-atexit.o) (__register_exitproc)
c:/program files (x86)/gnu tools arm embedded/4.8 2013q4/bin/../lib/gcc/arm-none-eabi/4.8.3/../../../../arm-none-eabi/lib/armv7e-m/softfp\libm.a(lib_a-s_cos.o)
                              ..\obj\main.o (cos)
c:/program files (x86)/gnu tools arm embedded/4.8 2013q4/bin/../lib/gcc/arm-none-eabi/4.8.3/../../../../arm-none-eabi/lib/armv7e-m/softfp\libm.a(lib_a-s_sin.o)
                              ..\obj\main.o (sin)
c:/program files (x86)/gnu tools arm embedded/4.8 2013q4/bin/../lib/gcc/arm-none-eabi/4.8.3/../../../../arm-none-eabi/lib/armv7e-m/softfp\libm.a(lib_a-w_sqrt.o)
                              ..\obj\main.o (sqrt)
c:/program files (x86)/gnu tools arm embedded/4.8 2013q4/bin/../lib/gcc/arm-none-eabi/4.8.3/../../../../arm-none-eabi/lib/armv7e-m/softfp\libm.a(lib_a-e_rem_pio2.o)
                              c:/program files (x86)/gnu tools arm embedded/4.8 2013q4/bin/../lib/gcc/arm-none-eabi/4.8.3/../../../../arm-none-eabi/lib/armv7e-m/softfp\libm.a(lib_a-s_cos.o) (__ieee754_rem_pio2)
c:/program files (x86)/gnu tools arm embedded/4.8 2013q4/bin/../lib/gcc/arm-none-eabi/4.8.3/../../../../arm-none-eabi/lib/armv7e-m/softfp\libm.a(lib_a-e_sqrt.o)
                              c:/program files (x86)/gnu tools arm embedded/4.8 2013q4/bin/../lib/gcc/arm-none-eabi/4.8.3/../../../../arm-none-eabi/lib/armv7e-m/softfp\libm.a(lib_a-w_sqrt.o) (__ieee754_sqrt)
c:/program files (x86)/gnu tools arm embedded/4.8 2013q4/bin/../lib/gcc/arm-none-eabi/4.8.3/../../../../arm-none-eabi/lib/armv7e-m/softfp\libm.a(lib_a-k_cos.o)
                              c:/program files (x86)/gnu tools arm embedded/4.8 2013q4/bin/../lib/gcc/arm-none-eabi/4.8.3/../../../../arm-none-eabi/lib/armv7e-m/softfp\libm.a(lib_a-s_cos.o) (__kernel_cos)
c:/program files (x86)/gnu tools arm embedded/4.8 2013q4/bin/../lib/gcc/arm-none-eabi/4.8.3/../../../../arm-none-eabi/lib/armv7e-m/softfp\libm.a(lib_a-k_rem_pio2.o)
[...]
Memory Configuration

Name             Origin             Length             Attributes
FLASH            0x08000000         0x00200000         xr
RAM              0x20000000         0x00030000         xrw
MEMORY_B1        0x60000000         0x00000000         xr
CCMRAM           0x10000000         0x00010000         rw
*default*        0x00000000         0xffffffff

Linker script and memory map

LOAD c:/program files (x86)/gnu tools arm embedded/4.8 2013q4/bin/../lib/gcc/arm-none-eabi/4.8.3/armv7e-m/softfp/crti.o
LOAD c:/program files (x86)/gnu tools arm embedded/4.8 2013q4/bin/../lib/gcc/arm-none-eabi/4.8.3/armv7e-m/softfp/crtbegin.o
LOAD c:/program files (x86)/gnu tools arm embedded/4.8 2013q4/bin/../lib/gcc/arm-none-eabi/4.8.3/../../../../arm-none-eabi/lib/armv7e-m/softfp/crt0.o
                0x20030000                _estack = 0x20030000
                0x00000000                _Min_Heap_Size = 0x0
                0x00000400                _Min_Stack_Size = 0x400

.isr_vector     0x08000000      0x1ac
                0x08000000                . = ALIGN (0x4)
 *(.isr_vector)
 .isr_vector    0x08000000      0x1ac ..\obj\startup_stm32f429_439xx.o
                0x08000000                g_pfnVectors
                0x080001ac                . = ALIGN (0x4)

.text           0x080001b0     0x7180
                0x080001b0                . = ALIGN (0x4)
 *(.text)
 .text          0x080001b0       0x54 c:/program files (x86)/gnu tools arm embedded/4.8 2013q4/bin/../lib/gcc/arm-none-eabi/4.8.3/armv7e-m/softfp/crtbegin.o
 .text          0x08000204      0x370 c:/program files (x86)/gnu tools arm embedded/4.8 2013q4/bin/../lib/gcc/arm-none-eabi/4.8.3/armv7e-m/softfp\libgcc.a(_arm_addsubdf3.o)
                0x08000204                __aeabi_drsub
                0x0800020c                __aeabi_dsub
                0x0800020c                __subdf3
                0x08000210                __aeabi_dadd
                0x08000210                __adddf3
                0x08000488                __floatunsidf
                0x08000488                __aeabi_ui2d
                0x080004a8                __floatsidf
                0x080004a8                __aeabi_i2d
                0x080004cc                __aeabi_f2d
                0x080004cc                __extendsfdf2
                0x08000508                __floatundidf
                0x08000508                __aeabi_ul2d
                0x08000518                __floatdidf
                0x08000518                __aeabi_l2d
 .text          0x08000574      0x424 c:/program files (x86)/gnu tools arm embedded/4.8 2013q4/bin/../lib/gcc/arm-none-eabi/4.8.3/armv7e-m/softfp\libgcc.a(_arm_muldivdf3.o)
                0x08000574                __aeabi_dmul
                0x08000574                __muldf3
                0x080007c8                __divdf3
                0x080007c8                __aeabi_ddiv
 .text          0x08000998      0x110 c:/program files (x86)/gnu tools arm embedded/4.8 2013q4/bin/../lib/gcc/arm-none-eabi/4.8.3/armv7e-m/softfp\libgcc.a(_arm_cmpdf2.o)
                0x08000998                __gtdf2
                0x08000998                __gedf2
                0x080009a0                __ltdf2
                0x080009a0                __ledf2
                0x080009a8                __nedf2
                0x080009a8                __eqdf2
                0x080009a8                __cmpdf2
                0x08000a24                __aeabi_cdrcmple
                0x08000a34                __aeabi_cdcmpeq
                0x08000a34                __aeabi_cdcmple
                0x08000a44                __aeabi_dcmpeq
                0x08000a58                __aeabi_dcmplt
                0x08000a6c                __aeabi_dcmple
                0x08000a80                __aeabi_dcmpge
                0x08000a94                __aeabi_dcmpgt
 .text          0x08000aa8       0x50 c:/program files (x86)/gnu tools arm embedded/4.8 2013q4/bin/../lib/gcc/arm-none-eabi/4.8.3/armv7e-m/softfp\libgcc.a(_arm_fixdfsi.o)
                0x08000aa8                __aeabi_d2iz
                0x08000aa8                __fixdfsi
 .text          0x08000af8       0x40 c:/program files (x86)/gnu tools arm embedded/4.8 2013q4/bin/../lib/gcc/arm-none-eabi/4.8.3/armv7e-m/softfp\libgcc.a(_arm_fixunsdfsi.o)
                0x08000af8                __aeabi_d2uiz
                0x08000af8                __fixunsdfsi
 .text          0x08000b38       0xa0 c:/program files (x86)/gnu tools arm embedded/4.8 2013q4/bin/../lib/gcc/arm-none-eabi/4.8.3/armv7e-m/softfp\libgcc.a(_arm_truncdfsf2.o)
                0x08000b38                __truncdfsf2
                0x08000b38                __aeabi_d2f
 *(.text*)
 .text.startup.register_fini
                0x08000bd8       0x14 c:/program files (x86)/gnu tools arm embedded/4.8 2013q4/bin/../lib/gcc/arm-none-eabi/4.8.3/../../../../arm-none-eabi/lib/armv7e-m/softfp\libc.a(lib_a-__call_atexit.o)
 .text.atexit   0x08000bec        0xc c:/program files (x86)/gnu tools arm embedded/4.8 2013q4/bin/../lib/gcc/arm-none-eabi/4.8.3/../../../../arm-none-eabi/lib/armv7e-m/softfp\libc.a(lib_a-atexit.o)
                0x08000bec                atexit
 .text.__libc_fini_array
                0x08000bf8       0x30 c:/program files (x86)/gnu tools arm embedded/4.8 2013q4/bin/../lib/gcc/arm-none-eabi/4.8.3/../../../../arm-none-eabi/lib/armv7e-m/softfp\libc.a(lib_a-fini.o)
                0x08000bf8                __libc_fini_array
 .text.__register_exitproc
                0x08000c28       0xa8 c:/program files (x86)/gnu tools arm embedded/4.8 2013q4/bin/../lib/gcc/arm-none-eabi/4.8.3/../../../../arm-none-eabi/lib/armv7e-m/softfp\libc.a(lib_a-__atexit.o)
                0x08000c28                __register_exitproc
 .text.IOE_Config
                0x08000cd0       0x30 ..\obj\stm32f429i_discovery_ioe.o
                0x08000cd0                IOE_Config
 .text.IOE_TP_GetState
                0x08000d00       0xc8 ..\obj\stm32f429i_discovery_ioe.o
                0x08000d00                IOE_TP_GetState
 .text.IOE_IsOperational
                0x08000dc8       0x34 ..\obj\stm32f429i_discovery_ioe.o
                0x08000dc8                IOE_IsOperational
 .text.IOE_Reset
                0x08000dfc       0x20 ..\obj\stm32f429i_discovery_ioe.o
                0x08000dfc                IOE_Reset
 .text.IOE_ReadID
                0x08000e1c       0x34 ..\obj\stm32f429i_discovery_ioe.o
                0x08000e1c                IOE_ReadID
 .text.IOE_FnctCmd
                0x08000e50       0x50 ..\obj\stm32f429i_discovery_ioe.o
                0x08000e50                IOE_FnctCmd
 .text.IOE_TP_Config
                0x08000ea0       0x94 ..\obj\stm32f429i_discovery_ioe.o
                0x08000ea0                IOE_TP_Config
 .text.IOE_IOAFConfig
                0x08000f34       0x50 ..\obj\stm32f429i_discovery_ioe.o
                0x08000f34                IOE_IOAFConfig
 .text.IOE_TP_Read_X
                0x08000f84       0x68 ..\obj\stm32f429i_discovery_ioe.o
 .text.IOE_TP_Read_Y
                0x08000fec       0x54 ..\obj\stm32f429i_discovery_ioe.o
 .text.IOE_TP_Read_Z
                0x08001040       0x28 ..\obj\stm32f429i_discovery_ioe.o
 .text.IOE_GPIO_Config
                0x08001068       0x8c ..\obj\stm32f429i_discovery_ioe.o
 .text.IOE_I2C_Config
                0x080010f4       0x54 ..\obj\stm32f429i_discovery_ioe.o
 .text.I2C_WriteDeviceRegister
                0x08001148      0x15c ..\obj\stm32f429i_discovery_ioe.o
                0x08001148                I2C_WriteDeviceRegister
 .text.I2C_ReadDeviceRegister
                0x080012a4      0x1dc ..\obj\stm32f429i_discovery_ioe.o
                0x080012a4                I2C_ReadDeviceRegister
 .text.I2C_ReadDataBuffer
                0x08001480      0x1cc ..\obj\stm32f429i_discovery_ioe.o
                0x08001480                I2C_ReadDataBuffer
 .text.IOE_TimeoutUserCallback
                0x0800164c       0x6c ..\obj\stm32f429i_discovery_ioe.o
                0x0800164c                IOE_TimeoutUserCallback
 .text.delay    0x080016b8       0x34 ..\obj\stm32f429i_discovery_ioe.o
 .text.DMA2D_DeInit
                0x080016ec       0x1c ..\obj\stm32f4xx_dma2d.o
                0x080016ec                DMA2D_DeInit
 .text.DMA2D_Init
                0x08001708      0x15c ..\obj\stm32f4xx_dma2d.o
                0x08001708                DMA2D_Init
 .text.DMA2D_StartTransfer
                0x08001864       0x1c ..\obj\stm32f4xx_dma2d.o
                0x08001864                DMA2D_StartTransfer
 .text.DMA2D_GetFlagStatus
                0x08001880       0x34 ..\obj\stm32f4xx_dma2d.o
                0x08001880                DMA2D_GetFlagStatus
 .text.USART_Init
                0x080018b4      0x174 ..\obj\stm32f4xx_usart.o
                0x080018b4                USART_Init
 .text.USART_Cmd
                0x08001a28       0x40 ..\obj\stm32f4xx_usart.o
                0x08001a28                USART_Cmd
 .text.USART_SendData
                0x08001a68       0x24 ..\obj\stm32f4xx_usart.o
                0x08001a68                USART_SendData
 .text.USART_ReceiveData
                0x08001a8c       0x20 ..\obj\stm32f4xx_usart.o
                0x08001a8c                USART_ReceiveData
 .text.USART_ITConfig
                0x08001aac       0x90 ..\obj\stm32f4xx_usart.o
                0x08001aac                USART_ITConfig
 .text.USART_GetFlagStatus
                0x08001b3c       0x38 ..\obj\stm32f4xx_usart.o
                0x08001b3c                USART_GetFlagStatus
 .text.USART_GetITStatus
                0x08001b74       0xb0 ..\obj\stm32f4xx_usart.o
                0x08001b74                USART_GetITStatus
 .text.LTDC_Init
                0x08001c24      0x12c ..\obj\stm32f4xx_ltdc.o
                0x08001c24                LTDC_Init
 .text.LTDC_Cmd
                0x08001d50       0x38 ..\obj\stm32f4xx_ltdc.o
                0x08001d50                LTDC_Cmd
 .text.LTDC_DitherCmd
                0x08001d88       0x38 ..\obj\stm32f4xx_ltdc.o
                0x08001d88                LTDC_DitherCmd
 .text.LTDC_ReloadConfig
                0x08001dc0       0x1c ..\obj\stm32f4xx_ltdc.o
                0x08001dc0                LTDC_ReloadConfig
 .text.LTDC_LayerInit
                0x08001ddc      0x134 ..\obj\stm32f4xx_ltdc.o
                0x08001ddc                LTDC_LayerInit
 .text.LTDC_LayerCmd
                0x08001f10       0x38 ..\obj\stm32f4xx_ltdc.o
                0x08001f10                LTDC_LayerCmd
 .text.LTDC_LayerAlpha
                0x08001f48       0x1c ..\obj\stm32f4xx_ltdc.o
                0x08001f48                LTDC_LayerAlpha
 .text.NVIC_SetPriority
                0x08001f64       0x54 ..\obj\main.o
 .text.SysTick_Config
                0x08001fb8       0x44 ..\obj\main.o
 .text.main     0x08001ffc      0x6e8 ..\obj\main.o
                0x08001ffc                main
 .text.SyncUp   0x080026e4       0x74 ..\obj\main.o
                0x080026e4                SyncUp
 .text.LoadPackage
                0x08002758       0x44 ..\obj\main.o
                0x08002758                LoadPackage
 .text.ParsePackage
                0x0800279c      0x1ac ..\obj\main.o
                0x0800279c                ParsePackage
 .text.PackageChecksum
                0x08002948       0xb8 ..\obj\main.o
                0x08002948                PackageChecksum
 .text.DrawDistanceMap
                0x08002a00      0x300 ..\obj\main.o
                0x08002a00                DrawDistanceMap
 .text.TP_Config
                0x08002d00      0x1fc ..\obj\main.o
 .text.RCC_PLLSAIConfig
                0x08002efc       0x30 ..\obj\stm32f4xx_rcc.o
                0x08002efc                RCC_PLLSAIConfig
 .text.RCC_PLLSAICmd
                0x08002f2c       0x20 ..\obj\stm32f4xx_rcc.o
                0x08002f2c                RCC_PLLSAICmd
 .text.RCC_GetClocksFreq
                0x08002f4c      0x154 ..\obj\stm32f4xx_rcc.o
                0x08002f4c                RCC_GetClocksFreq
 .text.RCC_LTDCCLKDivConfig
                0x080030a0       0x3c ..\obj\stm32f4xx_rcc.o
                0x080030a0                RCC_LTDCCLKDivConfig
 .text.RCC_AHB1PeriphClockCmd
                0x080030dc       0x3c ..\obj\stm32f4xx_rcc.o
                0x080030dc                RCC_AHB1PeriphClockCmd
 .text.RCC_AHB3PeriphClockCmd
                0x08003118       0x3c ..\obj\stm32f4xx_rcc.o
                0x08003118                RCC_AHB3PeriphClockCmd
 .text.RCC_APB1PeriphClockCmd
                0x08003154       0x3c ..\obj\stm32f4xx_rcc.o
                0x08003154                RCC_APB1PeriphClockCmd
 .text.RCC_APB2PeriphClockCmd
                0x08003190       0x3c ..\obj\stm32f4xx_rcc.o
                0x08003190                RCC_APB2PeriphClockCmd
 .text.RCC_AHB1PeriphResetCmd
                0x080031cc       0x3c ..\obj\stm32f4xx_rcc.o
                0x080031cc                RCC_AHB1PeriphResetCmd
 .text.RCC_APB1PeriphResetCmd
                0x08003208       0x3c ..\obj\stm32f4xx_rcc.o
                0x08003208                RCC_APB1PeriphResetCmd
 .text.RCC_APB2PeriphResetCmd
                0x08003244       0x3c ..\obj\stm32f4xx_rcc.o
                0x08003244                RCC_APB2PeriphResetCmd
 .text.RCC_GetFlagStatus
                0x08003280       0x74 ..\obj\stm32f4xx_rcc.o
                0x08003280                RCC_GetFlagStatus
 .text.NMI_Handler
                0x080032f4        0xc ..\obj\stm32f4xx_it.o
                0x080032f4                NMI_Handler
 .text.HardFault_Handler
                0x08003300        0x8 ..\obj\stm32f4xx_it.o
                0x08003300                HardFault_Handler
 .text.MemManage_Handler
                0x08003308        0x8 ..\obj\stm32f4xx_it.o
                0x08003308                MemManage_Handler
 .text.BusFault_Handler
                0x08003310        0x8 ..\obj\stm32f4xx_it.o
                0x08003310                BusFault_Handler
 .text.UsageFault_Handler
                0x08003318        0x8 ..\obj\stm32f4xx_it.o
                0x08003318                UsageFault_Handler
 .text.SVC_Handler
                0x08003320        0xc ..\obj\stm32f4xx_it.o
                0x08003320                SVC_Handler
 .text.DebugMon_Handler
                0x0800332c        0xc ..\obj\stm32f4xx_it.o
                0x0800332c                DebugMon_Handler
 .text.PendSV_Handler
                0x08003338        0xc ..\obj\stm32f4xx_it.o
                0x08003338                PendSV_Handler
 .text.SysTick_Handler
                0x08003344        0xc ..\obj\stm32f4xx_it.o
                0x08003344                SysTick_Handler
 .text.TimingDelay_Decrement
                0x08003350       0x30 ..\obj\Delay.o
                0x08003350                TimingDelay_Decrement
 .text.Delay_Ms
                0x08003380       0x28 ..\obj\Delay.o
                0x08003380                Delay_Ms
 .text.Millis   0x080033a8       0x18 ..\obj\Delay.o
                0x080033a8                Millis
 .text.PutChar  0x080033c0       0x20 ..\obj\printf.o
                0x080033c0                PutChar
 .text.PutString
                0x080033e0       0x3c ..\obj\printf.o
                0x080033e0                PutString
 .text.PutUnsignedInt
                0x0800341c       0xa0 ..\obj\printf.o
                0x0800341c                PutUnsignedInt
 .text.PutSignedInt
                0x080034bc       0xfc ..\obj\printf.o
                0x080034bc                PutSignedInt
 .text.PutHexa  0x080035b8       0xd4 ..\obj\printf.o
                0x080035b8                PutHexa
 .text.vsnprintf
                0x0800368c      0x254 ..\obj\printf.o
                0x0800368c                vsnprintf
 .text.vsprintf
                0x080038e0       0x24 ..\obj\printf.o
                0x080038e0                vsprintf
 .text.sprintf  0x08003904       0x2c ..\obj\printf.o
                0x08003904                sprintf
 .text.GPIO_Init
                0x08003930      0x11c ..\obj\stm32f4xx_gpio.o
                0x08003930                GPIO_Init
 .text.GPIO_SetBits
                0x08003a4c       0x1c ..\obj\stm32f4xx_gpio.o
                0x08003a4c                GPIO_SetBits
 .text.GPIO_ResetBits
                0x08003a68       0x1c ..\obj\stm32f4xx_gpio.o
                0x08003a68                GPIO_ResetBits
 .text.GPIO_WriteBit
                0x08003a84       0x30 ..\obj\stm32f4xx_gpio.o
                0x08003a84                GPIO_WriteBit
 .text.GPIO_PinAFConfig
                0x08003ab4       0x8c ..\obj\stm32f4xx_gpio.o
                0x08003ab4                GPIO_PinAFConfig
 .text.SDRAM_Init
                0x08003b40       0x74 ..\obj\stm32f429i_discovery_sdram.o
                0x08003b40                SDRAM_Init
 .text.SDRAM_GPIOConfig
                0x08003bb4      0x214 ..\obj\stm32f429i_discovery_sdram.o
                0x08003bb4                SDRAM_GPIOConfig
 .text.SDRAM_InitSequence
                0x08003dc8       0xec ..\obj\stm32f429i_discovery_sdram.o
                0x08003dc8                SDRAM_InitSequence
 .text.delay    0x08003eb4       0x34 ..\obj\stm32f429i_discovery_sdram.o
 .text.SystemInit
                0x08003ee8       0x68 ..\obj\system_stm32f4xx.o
                0x08003ee8                SystemInit
 .text.SetSysClock
                0x08003f50      0x128 ..\obj\system_stm32f4xx.o
 .text.FMC_SDRAMInit
                0x08004078      0x15c ..\obj\stm32f4xx_fmc.o
                0x08004078                FMC_SDRAMInit
 .text.FMC_SDRAMCmdConfig
                0x080041d4       0x40 ..\obj\stm32f4xx_fmc.o
                0x080041d4                FMC_SDRAMCmdConfig
 .text.FMC_SetRefreshCount
                0x08004214       0x24 ..\obj\stm32f4xx_fmc.o
                0x08004214                FMC_SetRefreshCount
 .text.FMC_GetFlagStatus
                0x08004238       0x7c ..\obj\stm32f4xx_fmc.o
                0x08004238                FMC_GetFlagStatus
 .text.Serial_Init
                0x080042b4       0xc0 ..\obj\Serial.o
                0x080042b4                Serial_Init
 .text.Serial_NVIC_Config
                0x08004374       0x24 ..\obj\Serial.o
                0x08004374                Serial_NVIC_Config
 .text.USART3_IRQHandler
                0x08004398       0x58 ..\obj\Serial.o
                0x08004398                USART3_IRQHandler
 .text.Serial_Buffer_Clear
                0x080043f0       0x20 ..\obj\Serial.o
                0x080043f0                Serial_Buffer_Clear
 .text.Serial_Buffer_Get
                0x08004410       0x40 ..\obj\Serial.o
                0x08004410                Serial_Buffer_Get
 .text.Serial_Buffer_Count
                0x08004450       0x24 ..\obj\Serial.o
                0x08004450                Serial_Buffer_Count
 .text.Serial_WriteByte
                0x08004474       0x30 ..\obj\Serial.o
                0x08004474                Serial_WriteByte
 .text.Serial_WriteWords
                0x080044a4       0x78 ..\obj\Serial.o
                0x080044a4                Serial_WriteWords
 .text.Serial_Println
                0x0800451c       0x7c ..\obj\Serial.o
                0x0800451c                Serial_Println
 .text.Reset_Handler
                0x08004598       0x4c ..\obj\startup_stm32f429_439xx.o
                0x08004598                Reset_Handler
 .text.Default_Handler
                0x080045e4        0x4 ..\obj\startup_stm32f429_439xx.o
                0x080045e4                RTC_Alarm_IRQHandler
                0x080045e4                HASH_RNG_IRQHandler
                0x080045e4                EXTI2_IRQHandler
                0x080045e4                TIM8_CC_IRQHandler
                0x080045e4                UART8_IRQHandler
                0x080045e4                SPI4_IRQHandler
                0x080045e4                TIM1_CC_IRQHandler
                0x080045e4                DMA2_Stream5_IRQHandler
                0x080045e4                DMA1_Stream5_IRQHandler
                0x080045e4                PVD_IRQHandler
                0x080045e4                SDIO_IRQHandler
                0x080045e4                TAMP_STAMP_IRQHandler
                0x080045e4                CAN2_RX1_IRQHandler
                0x080045e4                EXTI3_IRQHandler
                0x080045e4                TIM8_TRG_COM_TIM14_IRQHandler
                0x080045e4                TIM1_UP_TIM10_IRQHandler
                0x080045e4                TIM8_UP_TIM13_IRQHandler
                0x080045e4                I2C3_ER_IRQHandler
                0x080045e4                EXTI0_IRQHandler
                0x080045e4                I2C2_EV_IRQHandler
                0x080045e4                DMA1_Stream2_IRQHandler
                0x080045e4                CAN1_RX0_IRQHandler
                0x080045e4                FPU_IRQHandler
                0x080045e4                OTG_HS_WKUP_IRQHandler
                0x080045e4                LTDC_ER_IRQHandler
                0x080045e4                CAN2_SCE_IRQHandler
                0x080045e4                DMA2_Stream2_IRQHandler
                0x080045e4                SPI1_IRQHandler
                0x080045e4                TIM6_DAC_IRQHandler
                0x080045e4                TIM1_BRK_TIM9_IRQHandler
                0x080045e4                DCMI_IRQHandler
                0x080045e4                CAN2_RX0_IRQHandler
                0x080045e4                DMA2_Stream3_IRQHandler
                0x080045e4                USART6_IRQHandler
                0x080045e4                CRYP_IRQHandler
                0x080045e4                CAN1_RX1_IRQHandler
                0x080045e4                UART5_IRQHandler
                0x080045e4                DMA2_Stream0_IRQHandler
                0x080045e4                TIM4_IRQHandler
                0x080045e4                I2C1_EV_IRQHandler
                0x080045e4                DMA1_Stream6_IRQHandler
                0x080045e4                DMA1_Stream1_IRQHandler
                0x080045e4                UART4_IRQHandler
                0x080045e4                TIM3_IRQHandler
                0x080045e4                RCC_IRQHandler
                0x080045e4                TIM8_BRK_TIM12_IRQHandler
                0x080045e4                Default_Handler
                0x080045e4                EXTI15_10_IRQHandler
                0x080045e4                ADC_IRQHandler
                0x080045e4                DMA1_Stream7_IRQHandler
                0x080045e4                SPI5_IRQHandler
                0x080045e4                TIM7_IRQHandler
                0x080045e4                CAN2_TX_IRQHandler
                0x080045e4                TIM5_IRQHandler
                0x080045e4                DMA2_Stream7_IRQHandler
                0x080045e4                I2C3_EV_IRQHandler
                0x080045e4                EXTI9_5_IRQHandler
                0x080045e4                RTC_WKUP_IRQHandler
                0x080045e4                LTDC_IRQHandler
                0x080045e4                ETH_WKUP_IRQHandler
                0x080045e4                SPI2_IRQHandler
                0x080045e4                OTG_HS_EP1_IN_IRQHandler
                0x080045e4                DMA1_Stream0_IRQHandler
                0x080045e4                CAN1_TX_IRQHandler
                0x080045e4                EXTI4_IRQHandler
                0x080045e4                FSMC_IRQHandler
                0x080045e4                ETH_IRQHandler
                0x080045e4                OTG_HS_EP1_OUT_IRQHandler
                0x080045e4                WWDG_IRQHandler
                0x080045e4                SPI6_IRQHandler
                0x080045e4                TIM2_IRQHandler
                0x080045e4                OTG_FS_WKUP_IRQHandler
                0x080045e4                TIM1_TRG_COM_TIM11_IRQHandler
                0x080045e4                OTG_HS_IRQHandler
                0x080045e4                DMA2D_IRQHandler
                0x080045e4                EXTI1_IRQHandler
                0x080045e4                UART7_IRQHandler
                0x080045e4                USART2_IRQHandler
                0x080045e4                I2C2_ER_IRQHandler
                0x080045e4                DMA2_Stream1_IRQHandler
                0x080045e4                CAN1_SCE_IRQHandler
                0x080045e4                FLASH_IRQHandler
                0x080045e4                DMA2_Stream4_IRQHandler
                0x080045e4                USART1_IRQHandler
                0x080045e4                OTG_FS_IRQHandler
                0x080045e4                SPI3_IRQHandler
                0x080045e4                DMA1_Stream4_IRQHandler
                0x080045e4                I2C1_ER_IRQHandler
                0x080045e4                DMA2_Stream6_IRQHandler
                0x080045e4                SAI1_IRQHandler
                0x080045e4                DMA1_Stream3_IRQHandler
 .text.SPI_I2S_DeInit
                0x080045e8       0xd8 ..\obj\stm32f4xx_spi.o
                0x080045e8                SPI_I2S_DeInit
 .text.SPI_Init
                0x080046c0       0x88 ..\obj\stm32f4xx_spi.o
                0x080046c0                SPI_Init
 .text.SPI_Cmd  0x08004748       0x40 ..\obj\stm32f4xx_spi.o
                0x08004748                SPI_Cmd
 .text.SPI_I2S_SendData
                0x08004788       0x1c ..\obj\stm32f4xx_spi.o
                0x08004788                SPI_I2S_SendData
 .text.SPI_I2S_GetFlagStatus
                0x080047a4       0x38 ..\obj\stm32f4xx_spi.o
                0x080047a4                SPI_I2S_GetFlagStatus
 .text.I2C_DeInit
                0x080047dc       0x74 ..\obj\stm32f4xx_i2c.o
                0x080047dc                I2C_DeInit
 .text.I2C_Init
                0x08004850      0x184 ..\obj\stm32f4xx_i2c.o
                0x08004850                I2C_Init
 .text.I2C_Cmd  0x080049d4       0x40 ..\obj\stm32f4xx_i2c.o
                0x080049d4                I2C_Cmd
 .text.I2C_GenerateSTART
                0x08004a14       0x40 ..\obj\stm32f4xx_i2c.o
                0x08004a14                I2C_GenerateSTART
 .text.I2C_GenerateSTOP
                0x08004a54       0x40 ..\obj\stm32f4xx_i2c.o
                0x08004a54                I2C_GenerateSTOP
 .text.I2C_Send7bitAddress
                0x08004a94       0x3c ..\obj\stm32f4xx_i2c.o
                0x08004a94                I2C_Send7bitAddress
 .text.I2C_AcknowledgeConfig
                0x08004ad0       0x40 ..\obj\stm32f4xx_i2c.o
                0x08004ad0                I2C_AcknowledgeConfig
 .text.I2C_SoftwareResetCmd
                0x08004b10       0x44 ..\obj\stm32f4xx_i2c.o
                0x08004b10                I2C_SoftwareResetCmd
 .text.I2C_NACKPositionConfig
                0x08004b54       0x40 ..\obj\stm32f4xx_i2c.o
                0x08004b54                I2C_NACKPositionConfig
 .text.I2C_SendData
                0x08004b94       0x20 ..\obj\stm32f4xx_i2c.o
                0x08004b94                I2C_SendData
 .text.I2C_ReceiveData
                0x08004bb4       0x1c ..\obj\stm32f4xx_i2c.o
                0x08004bb4                I2C_ReceiveData
 .text.I2C_GetFlagStatus
                0x08004bd0       0x68 ..\obj\stm32f4xx_i2c.o
                0x08004bd0                I2C_GetFlagStatus
 .text.NVIC_Init
                0x08004c38       0xbc ..\obj\misc.o
                0x08004c38                NVIC_Init
 .text.LCD_Init
                0x08004cf4       0xb4 ..\obj\stm32f429i_discovery_lcd.o
                0x08004cf4                LCD_Init
 .text.LCD_LayerInit
                0x08004da8       0xb4 ..\obj\stm32f429i_discovery_lcd.o
                0x08004da8                LCD_LayerInit
 .text.LCD_ChipSelect
                0x08004e5c       0x2c ..\obj\stm32f429i_discovery_lcd.o
                0x08004e5c                LCD_ChipSelect
 .text.LCD_SetLayer
                0x08004e88       0x40 ..\obj\stm32f429i_discovery_lcd.o
                0x08004e88                LCD_SetLayer
 .text.LCD_SetTextColor
                0x08004ec8       0x20 ..\obj\stm32f429i_discovery_lcd.o
                0x08004ec8                LCD_SetTextColor
 .text.LCD_SetBackColor
                0x08004ee8       0x20 ..\obj\stm32f429i_discovery_lcd.o
                0x08004ee8                LCD_SetBackColor
 .text.LCD_SetFont
                0x08004f08       0x1c ..\obj\stm32f429i_discovery_lcd.o
                0x08004f08                LCD_SetFont
 .text.LCD_SetTransparency
                0x08004f24       0x40 ..\obj\stm32f429i_discovery_lcd.o
                0x08004f24                LCD_SetTransparency
 .text.LCD_GetFont
                0x08004f64       0x18 ..\obj\stm32f429i_discovery_lcd.o
                0x08004f64                LCD_GetFont
 .text.LCD_Clear
                0x08004f7c       0x40 ..\obj\stm32f429i_discovery_lcd.o
                0x08004f7c                LCD_Clear
 .text.LCD_DrawChar
                0x08004fbc      0x120 ..\obj\stm32f429i_discovery_lcd.o
                0x08004fbc                LCD_DrawChar
 .text.LCD_DisplayChar
                0x080050dc       0x48 ..\obj\stm32f429i_discovery_lcd.o
                0x080050dc                LCD_DisplayChar
 .text.LCD_DisplayStringLine
                0x08005124       0x78 ..\obj\stm32f429i_discovery_lcd.o
                0x08005124                LCD_DisplayStringLine
 .text.LCD_DrawLine
                0x0800519c       0xc8 ..\obj\stm32f429i_discovery_lcd.o
                0x0800519c                LCD_DrawLine
 .text.LCD_DrawRect
                0x08005264       0x68 ..\obj\stm32f429i_discovery_lcd.o
                0x08005264                LCD_DrawRect
 .text.LCD_DrawCircle
                0x080052cc      0x128 ..\obj\stm32f429i_discovery_lcd.o
                0x080052cc                LCD_DrawCircle
 .text.LCD_DrawFullRect
                0x080053f4       0xc0 ..\obj\stm32f429i_discovery_lcd.o
                0x080053f4                LCD_DrawFullRect
 .text.LCD_DrawFullCircle
                0x080054b4      0x120 ..\obj\stm32f429i_discovery_lcd.o
                0x080054b4                LCD_DrawFullCircle
 .text.LCD_DrawUniLine
                0x080055d4      0x168 ..\obj\stm32f429i_discovery_lcd.o
                0x080055d4                LCD_DrawUniLine
 .text.LCD_WriteCommand
                0x0800573c       0x5c ..\obj\stm32f429i_discovery_lcd.o
                0x0800573c                LCD_WriteCommand
 .text.LCD_WriteData
                0x08005798       0x5c ..\obj\stm32f429i_discovery_lcd.o
                0x08005798                LCD_WriteData
 .text.LCD_PowerOn
                0x080057f4      0x290 ..\obj\stm32f429i_discovery_lcd.o
                0x080057f4                LCD_PowerOn
 .text.LCD_CtrlLinesConfig
                0x08005a84       0x54 ..\obj\stm32f429i_discovery_lcd.o
                0x08005a84                LCD_CtrlLinesConfig
 .text.LCD_CtrlLinesWrite
                0x08005ad8       0x24 ..\obj\stm32f429i_discovery_lcd.o
                0x08005ad8                LCD_CtrlLinesWrite
 .text.LCD_SPIConfig
                0x08005afc       0xd4 ..\obj\stm32f429i_discovery_lcd.o
                0x08005afc                LCD_SPIConfig
 .text.LCD_AF_GPIOConfig
                0x08005bd0      0x178 ..\obj\stm32f429i_discovery_lcd.o
 .text.PutPixel
                0x08005d48       0x48 ..\obj\stm32f429i_discovery_lcd.o
 .text.delay    0x08005d90       0x28 ..\obj\stm32f429i_discovery_lcd.o
 .text.cos      0x08005db8       0x74 c:/program files (x86)/gnu tools arm embedded/4.8 2013q4/bin/../lib/gcc/arm-none-eabi/4.8.3/../../../../arm-none-eabi/lib/armv7e-m/softfp\libm.a(lib_a-s_cos.o)
                0x08005db8                cos
 .text.sin      0x08005e2c       0x94 c:/program files (x86)/gnu tools arm embedded/4.8 2013q4/bin/../lib/gcc/arm-none-eabi/4.8.3/../../../../arm-none-eabi/lib/armv7e-m/softfp\libm.a(lib_a-s_sin.o)
                0x08005e2c                sin
 .text.sqrt     0x08005ec0       0xac c:/program files (x86)/gnu tools arm embedded/4.8 2013q4/bin/../lib/gcc/arm-none-eabi/4.8.3/../../../../arm-none-eabi/lib/armv7e-m/softfp\libm.a(lib_a-w_sqrt.o)
                0x08005ec0                sqrt
 *fill*         0x08005f6c        0x4 
 .text.__ieee754_rem_pio2
                0x08005f70      0x440 c:/program files (x86)/gnu tools arm embedded/4.8 2013q4/bin/../lib/gcc/arm-none-eabi/4.8.3/../../../../arm-none-eabi/lib/armv7e-m/softfp\libm.a(lib_a-e_rem_pio2.o)
                0x08005f70                __ieee754_rem_pio2
 .text.__ieee754_sqrt
                0x080063b0      0x180 c:/program files (x86)/gnu tools arm embedded/4.8 2013q4/bin/../lib/gcc/arm-none-eabi/4.8.3/../../../../arm-none-eabi/lib/armv7e-m/softfp\libm.a(lib_a-e_sqrt.o)
                0x080063b0                __ieee754_sqrt
 .text.__kernel_cos
                0x08006530      0x250 c:/program files (x86)/gnu tools arm embedded/4.8 2013q4/bin/../lib/gcc/arm-none-eabi/4.8.3/../../../../arm-none-eabi/lib/armv7e-m/softfp\libm.a(lib_a-k_cos.o)
                0x08006530                __kernel_cos
 .text.__kernel_rem_pio2
                0x08006780      0x770 c:/program files (x86)/gnu tools arm embedded/4.8 2013q4/bin/../lib/gcc/arm-none-eabi/4.8.3/../../../../arm-none-eabi/lib/armv7e-m/softfp\libm.a(lib_a-k_rem_pio2.o)
                0x08006780                __kernel_rem_pio2
 .text.__kernel_sin
                0x08006ef0      0x170 c:/program files (x86)/gnu tools arm embedded/4.8 2013q4/bin/../lib/gcc/arm-none-eabi/4.8.3/../../../../arm-none-eabi/lib/armv7e-m/softfp\libm.a(lib_a-k_sin.o)
                0x08006ef0                __kernel_sin
 .text.fabs     0x08007060        0x8 c:/program files (x86)/gnu tools arm embedded/4.8 2013q4/bin/../lib/gcc/arm-none-eabi/4.8.3/../../../../arm-none-eabi/lib/armv7e-m/softfp\libm.a(lib_a-s_fabs.o)
                0x08007060                fabs
 .text.floor    0x08007068      0x120 c:/program files (x86)/gnu tools arm embedded/4.8 2013q4/bin/../lib/gcc/arm-none-eabi/4.8.3/../../../../arm-none-eabi/lib/armv7e-m/softfp\libm.a(lib_a-s_floor.o)
                0x08007068                floor
 .text.__fpclassifyd
                0x08007188       0x50 c:/program files (x86)/gnu tools arm embedded/4.8 2013q4/bin/../lib/gcc/arm-none-eabi/4.8.3/../../../../arm-none-eabi/lib/armv7e-m/softfp\libm.a(lib_a-s_fpclassify.o)
                0x08007188                __fpclassifyd
 .text.matherr  0x080071d8        0x4 c:/program files (x86)/gnu tools arm embedded/4.8 2013q4/bin/../lib/gcc/arm-none-eabi/4.8.3/../../../../arm-none-eabi/lib/armv7e-m/softfp\libm.a(lib_a-s_matherr.o)
                0x080071d8                matherr
 *fill*         0x080071dc        0x4 
 .text.scalbn   0x080071e0      0x118 c:/program files (x86)/gnu tools arm embedded/4.8 2013q4/bin/../lib/gcc/arm-none-eabi/4.8.3/../../../../arm-none-eabi/lib/armv7e-m/softfp\libm.a(lib_a-s_scalbn.o)
                0x080071e0                scalbn
 .text.copysign
                0x080072f8       0x14 c:/program files (x86)/gnu tools arm embedded/4.8 2013q4/bin/../lib/gcc/arm-none-eabi/4.8.3/../../../../arm-none-eabi/lib/armv7e-m/softfp\libm.a(lib_a-s_copysign.o)
                0x080072f8                copysign
 .text.__errno  0x0800730c        0xc c:/program files (x86)/gnu tools arm embedded/4.8 2013q4/bin/../lib/gcc/arm-none-eabi/4.8.3/../../../../arm-none-eabi/lib/armv7e-m/softfp\libg.a(lib_a-errno.o)
                0x0800730c                __errno
 *(.glue_7)
 .glue_7        0x00000000        0x0 linker stubs
 *(.glue_7t)
 .glue_7t       0x00000000        0x0 linker stubs
 *(.eh_frame)
 .eh_frame      0x08007318        0x0 c:/program files (x86)/gnu tools arm embedded/4.8 2013q4/bin/../lib/gcc/arm-none-eabi/4.8.3/armv7e-m/softfp/crtbegin.o
 *(.init)
 .init          0x08007318        0x4 c:/program files (x86)/gnu tools arm embedded/4.8 2013q4/bin/../lib/gcc/arm-none-eabi/4.8.3/armv7e-m/softfp/crti.o
                0x08007318                _init
 .init          0x0800731c        0x8 c:/program files (x86)/gnu tools arm embedded/4.8 2013q4/bin/../lib/gcc/arm-none-eabi/4.8.3/armv7e-m/softfp/crtn.o
 *(.fini)
 .fini          0x08007324        0x4 c:/program files (x86)/gnu tools arm embedded/4.8 2013q4/bin/../lib/gcc/arm-none-eabi/4.8.3/armv7e-m/softfp/crti.o
                0x08007324                _fini
 .fini          0x08007328        0x8 c:/program files (x86)/gnu tools arm embedded/4.8 2013q4/bin/../lib/gcc/arm-none-eabi/4.8.3/armv7e-m/softfp/crtn.o
                0x08007330                . = ALIGN (0x4)
                0x08007330                _etext = .

.vfp11_veneer   0x08007330        0x0
 .vfp11_veneer  0x00000000        0x0 linker stubs

.v4_bx          0x08007330        0x0
 .v4_bx         0x00000000        0x0 linker stubs

.iplt           0x08007330        0x0
 .iplt          0x00000000        0x0 c:/program files (x86)/gnu tools arm embedded/4.8 2013q4/bin/../lib/gcc/arm-none-eabi/4.8.3/armv7e-m/softfp/crtbegin.o

.rodata         0x08007330     0x2c78
                0x08007330                . = ALIGN (0x4)
 *(.rodata)
 .rodata        0x08007330       0xbc ..\obj\main.o
                0x08007330                RAD
 .rodata        0x080073ec        0x4 ..\obj\Serial.o
 .rodata        0x080073f0     0x29d0 ..\obj\stm32f429i_discovery_lcd.o
                0x080073f0                ASCII16x24_Table
                0x080085c0                ASCII12x12_Table
                0x08008ec0                ASCII8x12_Table
                0x080097c0                ASCII8x8_Table
 *(.rodata*)
 .rodata.str1.4
                0x08009dc0        0x2 c:/program files (x86)/gnu tools arm embedded/4.8 2013q4/bin/../lib/gcc/arm-none-eabi/4.8.3/../../../../arm-none-eabi/lib/armv7e-m/softfp\libc.a(lib_a-impure.o)
                                  0x4 (size before relaxing)
 *fill*         0x08009dc2        0x2 
 .rodata._global_impure_ptr
                0x08009dc4        0x4 c:/program files (x86)/gnu tools arm embedded/4.8 2013q4/bin/../lib/gcc/arm-none-eabi/4.8.3/../../../../arm-none-eabi/lib/armv7e-m/softfp\libc.a(lib_a-impure.o)
                0x08009dc4                _global_impure_ptr
 .rodata.str1.4
                0x08009dc8        0x8 c:/program files (x86)/gnu tools arm embedded/4.8 2013q4/bin/../lib/gcc/arm-none-eabi/4.8.3/../../../../arm-none-eabi/lib/armv7e-m/softfp\libm.a(lib_a-w_sqrt.o)
 .rodata.npio2_hw
                0x08009dd0       0x80 c:/program files (x86)/gnu tools arm embedded/4.8 2013q4/bin/../lib/gcc/arm-none-eabi/4.8.3/../../../../arm-none-eabi/lib/armv7e-m/softfp\libm.a(lib_a-e_rem_pio2.o)
 .rodata.two_over_pi
                0x08009e50      0x108 c:/program files (x86)/gnu tools arm embedded/4.8 2013q4/bin/../lib/gcc/arm-none-eabi/4.8.3/../../../../arm-none-eabi/lib/armv7e-m/softfp\libm.a(lib_a-e_rem_pio2.o)
 .rodata.init_jk
                0x08009f58       0x10 c:/program files (x86)/gnu tools arm embedded/4.8 2013q4/bin/../lib/gcc/arm-none-eabi/4.8.3/../../../../arm-none-eabi/lib/armv7e-m/softfp\libm.a(lib_a-k_rem_pio2.o)
 .rodata.PIo2   0x08009f68       0x40 c:/program files (x86)/gnu tools arm embedded/4.8 2013q4/bin/../lib/gcc/arm-none-eabi/4.8.3/../../../../arm-none-eabi/lib/armv7e-m/softfp\libm.a(lib_a-k_rem_pio2.o)
                0x08009fa8                . = ALIGN (0x4)

.rel.dyn        0x08009fa8        0x0
 .rel.iplt      0x00000000        0x0 c:/program files (x86)/gnu tools arm embedded/4.8 2013q4/bin/../lib/gcc/arm-none-eabi/4.8.3/armv7e-m/softfp/crtbegin.o

.ARM.extab
 *(.ARM.extab* .gnu.linkonce.armextab.*)

.ARM            0x08009fa8        0x0
                0x08009fa8                __exidx_start = .
 *(.ARM.exidx*)
                0x08009fa8                __exidx_end = .

.preinit_array  0x08009fa8        0x0
                0x08009fa8                PROVIDE (__preinit_array_start, .)
 *(.preinit_array*)
                0x08009fa8                PROVIDE (__preinit_array_end, .)

.init_array     0x08009fa8        0x8
                0x08009fa8                PROVIDE (__init_array_start, .)
 *(SORT(.init_array.*))
 .init_array.00000
                0x08009fa8        0x4 c:/program files (x86)/gnu tools arm embedded/4.8 2013q4/bin/../lib/gcc/arm-none-eabi/4.8.3/../../../../arm-none-eabi/lib/armv7e-m/softfp\libc.a(lib_a-__call_atexit.o)
 *(.init_array*)
 .init_array    0x08009fac        0x4 c:/program files (x86)/gnu tools arm embedded/4.8 2013q4/bin/../lib/gcc/arm-none-eabi/4.8.3/armv7e-m/softfp/crtbegin.o
                0x08009fb0                PROVIDE (__init_array_end, .)

.fini_array     0x08009fb0        0x4
                0x08009fb0                PROVIDE (__fini_array_start, .)
 *(SORT(.fini_array.*))
 *(.fini_array*)
 .fini_array    0x08009fb0        0x4 c:/program files (x86)/gnu tools arm embedded/4.8 2013q4/bin/../lib/gcc/arm-none-eabi/4.8.3/armv7e-m/softfp/crtbegin.o
                0x08009fb4                PROVIDE (__fini_array_end, .)
                0x08009fb4                _sidata = LOADADDR (.data)

.data           0x20000000      0x470 load address 0x08009fb4
                0x20000000                . = ALIGN (0x4)
                0x20000000                _sdata = .
 *(.data)
 .data          0x20000000        0x4 ..\obj\stm32f429i_discovery_ioe.o
                0x20000000                IOE_TimeOut
 .data          0x20000004        0x1 ..\obj\main.o
                0x20000004                scanEnabled
 *fill*         0x20000005        0x3 
 .data          0x20000008       0x10 ..\obj\stm32f4xx_rcc.o
 .data          0x20000018       0x28 ..\obj\stm32f429i_discovery_lcd.o
                0x20000018                Font16x24
                0x20000020                Font12x12
                0x20000028                Font8x12
                0x20000030                Font8x8
 *(.data*)
 .data.impure_data
                0x20000040      0x428 c:/program files (x86)/gnu tools arm embedded/4.8 2013q4/bin/../lib/gcc/arm-none-eabi/4.8.3/../../../../arm-none-eabi/lib/armv7e-m/softfp\libc.a(lib_a-impure.o)
 .data._impure_ptr
                0x20000468        0x4 c:/program files (x86)/gnu tools arm embedded/4.8 2013q4/bin/../lib/gcc/arm-none-eabi/4.8.3/../../../../arm-none-eabi/lib/armv7e-m/softfp\libc.a(lib_a-impure.o)
                0x20000468                _impure_ptr
 .data.__fdlib_version
                0x2000046c        0x1 c:/program files (x86)/gnu tools arm embedded/4.8 2013q4/bin/../lib/gcc/arm-none-eabi/4.8.3/../../../../arm-none-eabi/lib/armv7e-m/softfp\libm.a(lib_a-s_lib_ver.o)
                0x2000046c                __fdlib_version
                0x20000470                . = ALIGN (0x4)
 *fill*         0x2000046d        0x3 
                0x20000470                _edata = .
                0x0800a424                _siccmram = LOADADDR (.ccmram)

.jcr            0x20000470        0x0 load address 0x0800a424
 .jcr           0x20000470        0x0 c:/program files (x86)/gnu tools arm embedded/4.8 2013q4/bin/../lib/gcc/arm-none-eabi/4.8.3/armv7e-m/softfp/crtbegin.o

.igot.plt       0x20000470        0x0 load address 0x0800a424
 .igot.plt      0x00000000        0x0 c:/program files (x86)/gnu tools arm embedded/4.8 2013q4/bin/../lib/gcc/arm-none-eabi/4.8.3/armv7e-m/softfp/crtbegin.o

.ccmram         0x10000000        0x0 load address 0x0800a424
                0x10000000                . = ALIGN (0x4)
                0x10000000                _sccmram = .
 *(.ccmram)
 *(.ccmram*)
                0x10000000                . = ALIGN (0x4)
                0x10000000                _eccmram = .
                0x10000000                . = ALIGN (0x4)

.bss            0x20000470    0x10924
                0x20000470                _sbss = .
                0x20000470                __bss_start__ = _sbss
 *(.bss)
 .bss           0x20000470       0x1c c:/program files (x86)/gnu tools arm embedded/4.8 2013q4/bin/../lib/gcc/arm-none-eabi/4.8.3/armv7e-m/softfp/crtbegin.o
 .bss           0x2000048c        0x8 ..\obj\stm32f429i_discovery_ioe.o
 .bss           0x20000494       0x10 ..\obj\main.o
                0x20000494                pointSelect
                0x2000049c                GoodReadings
                0x2000049e                BadReadings
                0x200004a0                AnglesCovered
 .bss           0x200004a4        0x4 ..\obj\Delay.o
                0x200004a4                MillisCounter
 .bss           0x200004a8        0x4 ..\obj\Serial.o
                0x200004a8                bufferWritePos
                0x200004aa                bufferReadPos
 .bss           0x200004ac        0xc ..\obj\stm32f429i_discovery_lcd.o
 *(.bss*)
 *(COMMON)
 COMMON         0x200004b8        0x8 ..\obj\stm32f429i_discovery_ioe.o
                0x200004b8                TP_State
 COMMON         0x200004c0      0x8ce ..\obj\main.o
                0x200004c0                tempCalc3
                0x200004c4                x
                0x20000794                Distance
                0x20000a64                tempCalc2
                0x20000a68                deg
                0x20000a6c                degSelected
                0x20000a70                displayDistance
                0x20000a74                XV11_Package
                0x20000a8c                tempCalc
                0x20000a90                DisplayTimestamp
                0x20000a94                PrintTimestamp
                0x20000a98                radians
                0x20000a9c                y
                0x20000d6c                sqrtDist
                0x20000d70                textBuffer
 *fill*         0x20000d8e        0x2 
 COMMON         0x20000d90        0x4 ..\obj\Delay.o
                0x20000d90                TimingDelay
 COMMON         0x20000d94     0xffff ..\obj\Serial.o
                0x20000d94                receiveBuffer
                0x20010d94                . = ALIGN (0x4)
 *fill*         0x20010d93        0x1 
                0x20010d94                _ebss = .
                0x20010d94                __bss_end__ = _ebss

._user_heap_stack
                0x20010d94      0x400
                0x20010d94                . = ALIGN (0x4)
                0x20010d94                PROVIDE (end, .)
                0x20010d94                PROVIDE (_end, .)
                0x20010d94                . = (. + _Min_Heap_Size)
                0x20011194                . = (. + _Min_Stack_Size)
 *fill*         0x20010d94      0x400 
                0x20011194                . = ALIGN (0x4)

.memory_b1_text
 *(.mb1text)
 *(.mb1text*)
 *(.mb1rodata)
 *(.mb1rodata*)

/DISCARD/
 libc.a(*)
 libm.a(*)
 libgcc.a(*)

.ARM.attributes
                0x00000000       0x2e
 *(.ARM.attributes)
 .ARM.attributes
                0x00000000       0x22 c:/program files (x86)/gnu tools arm embedded/4.8 2013q4/bin/../lib/gcc/arm-none-eabi/4.8.3/armv7e-m/softfp/crti.o
 .ARM.attributes
                0x00000022       0x32 c:/program files (x86)/gnu tools arm embedded/4.8 2013q4/bin/../lib/gcc/arm-none-eabi/4.8.3/armv7e-m/softfp/crtbegin.o
 .ARM.attributes
                0x00000054       0x37 ..\obj\stm32f429i_discovery_ioe.o
 .ARM.attributes
                0x0000008b       0x37 ..\obj\stm32f4xx_dma2d.o
 .ARM.attributes
                0x000000c2       0x37 ..\obj\stm32f4xx_usart.o
 .ARM.attributes
                0x000000f9       0x37 ..\obj\stm32f4xx_ltdc.o
 .ARM.attributes
                0x00000130       0x37 ..\obj\main.o
 .ARM.attributes
                0x00000167       0x37 ..\obj\stm32f4xx_rcc.o
 .ARM.attributes
                0x0000019e       0x37 ..\obj\stm32f4xx_it.o
 .ARM.attributes
                0x000001d5       0x37 ..\obj\Delay.o
 .ARM.attributes
                0x0000020c       0x37 ..\obj\printf.o
 .ARM.attributes
                0x00000243       0x37 ..\obj\stm32f4xx_gpio.o
 .ARM.attributes
                0x0000027a       0x37 ..\obj\stm32f429i_discovery_sdram.o
 .ARM.attributes
                0x000002b1       0x37 ..\obj\system_stm32f4xx.o
 .ARM.attributes
                0x000002e8       0x37 ..\obj\stm32f4xx_fmc.o
 .ARM.attributes
                0x0000031f       0x37 ..\obj\Serial.o
 .ARM.attributes
                0x00000356       0x21 ..\obj\startup_stm32f429_439xx.o
 .ARM.attributes
                0x00000377       0x37 ..\obj\stm32f4xx_spi.o
 .ARM.attributes
                0x000003ae       0x37 ..\obj\stm32f4xx_i2c.o
 .ARM.attributes
                0x000003e5       0x37 ..\obj\misc.o
 .ARM.attributes
                0x0000041c       0x37 ..\obj\stm32f429i_discovery_lcd.o
 .ARM.attributes
                0x00000453       0x32 c:/program files (x86)/gnu tools arm embedded/4.8 2013q4/bin/../lib/gcc/arm-none-eabi/4.8.3/../../../../arm-none-eabi/lib/armv7e-m/softfp\libm.a(lib_a-s_cos.o)
 .ARM.attributes
                0x00000485       0x32 c:/program files (x86)/gnu tools arm embedded/4.8 2013q4/bin/../lib/gcc/arm-none-eabi/4.8.3/../../../../arm-none-eabi/lib/armv7e-m/softfp\libm.a(lib_a-s_sin.o)
 .ARM.attributes
                0x000004b7       0x32 c:/program files (x86)/gnu tools arm embedded/4.8 2013q4/bin/../lib/gcc/arm-none-eabi/4.8.3/../../../../arm-none-eabi/lib/armv7e-m/softfp\libm.a(lib_a-w_sqrt.o)
 .ARM.attributes
                0x000004e9       0x32 c:/program files (x86)/gnu tools arm embedded/4.8 2013q4/bin/../lib/gcc/arm-none-eabi/4.8.3/../../../../arm-none-eabi/lib/armv7e-m/softfp\libm.a(lib_a-e_rem_pio2.o)
 .ARM.attributes
                0x0000051b       0x32 c:/program files (x86)/gnu tools arm embedded/4.8 2013q4/bin/../lib/gcc/arm-none-eabi/4.8.3/../../../../arm-none-eabi/lib/armv7e-m/softfp\libm.a(lib_a-e_sqrt.o)
 .ARM.attributes
                0x0000054d       0x32 c:/program files (x86)/gnu tools arm embedded/4.8 2013q4/bin/../lib/gcc/arm-none-eabi/4.8.3/../../../../arm-none-eabi/lib/armv7e-m/softfp\libm.a(lib_a-k_cos.o)
 .ARM.attributes
                0x0000057f       0x32 c:/program files (x86)/gnu tools arm embedded/4.8 2013q4/bin/../lib/gcc/arm-none-eabi/4.8.3/../../../../arm-none-eabi/lib/armv7e-m/softfp\libm.a(lib_a-k_rem_pio2.o)
 .ARM.attributes
                0x000005b1       0x32 c:/program files (x86)/gnu tools arm embedded/4.8 2013q4/bin/../lib/gcc/arm-none-eabi/4.8.3/../../../../arm-none-eabi/lib/armv7e-m/softfp\libm.a(lib_a-k_sin.o)
 .ARM.attributes
                0x000005e3       0x32 c:/program files (x86)/gnu tools arm embedded/4.8 2013q4/bin/../lib/gcc/arm-none-eabi/4.8.3/../../../../arm-none-eabi/lib/armv7e-m/softfp\libm.a(lib_a-s_fabs.o)
 .ARM.attributes
                0x00000615       0x32 c:/program files (x86)/gnu tools arm embedded/4.8 2013q4/bin/../lib/gcc/arm-none-eabi/4.8.3/../../../../arm-none-eabi/lib/armv7e-m/softfp\libm.a(lib_a-s_floor.o)
 .ARM.attributes
                0x00000647       0x32 c:/program files (x86)/gnu tools arm embedded/4.8 2013q4/bin/../lib/gcc/arm-none-eabi/4.8.3/../../../../arm-none-eabi/lib/armv7e-m/softfp\libm.a(lib_a-s_fpclassify.o)
 .ARM.attributes
                0x00000679       0x32 c:/program files (x86)/gnu tools arm embedded/4.8 2013q4/bin/../lib/gcc/arm-none-eabi/4.8.3/../../../../arm-none-eabi/lib/armv7e-m/softfp\libm.a(lib_a-s_lib_ver.o)
 .ARM.attributes
                0x000006ab       0x32 c:/program files (x86)/gnu tools arm embedded/4.8 2013q4/bin/../lib/gcc/arm-none-eabi/4.8.3/../../../../arm-none-eabi/lib/armv7e-m/softfp\libm.a(lib_a-s_matherr.o)
 .ARM.attributes
                0x000006dd       0x32 c:/program files (x86)/gnu tools arm embedded/4.8 2013q4/bin/../lib/gcc/arm-none-eabi/4.8.3/../../../../arm-none-eabi/lib/armv7e-m/softfp\libm.a(lib_a-s_scalbn.o)
 .ARM.attributes
                0x0000070f       0x32 c:/program files (x86)/gnu tools arm embedded/4.8 2013q4/bin/../lib/gcc/arm-none-eabi/4.8.3/../../../../arm-none-eabi/lib/armv7e-m/softfp\libm.a(lib_a-s_copysign.o)
 .ARM.attributes
                0x00000741       0x22 c:/program files (x86)/gnu tools arm embedded/4.8 2013q4/bin/../lib/gcc/arm-none-eabi/4.8.3/armv7e-m/softfp\libgcc.a(_arm_addsubdf3.o)
 .ARM.attributes
                0x00000763       0x22 c:/program files (x86)/gnu tools arm embedded/4.8 2013q4/bin/../lib/gcc/arm-none-eabi/4.8.3/armv7e-m/softfp\libgcc.a(_arm_muldivdf3.o)
 .ARM.attributes
                0x00000785       0x22 c:/program files (x86)/gnu tools arm embedded/4.8 2013q4/bin/../lib/gcc/arm-none-eabi/4.8.3/armv7e-m/softfp\libgcc.a(_arm_cmpdf2.o)
 .ARM.attributes
                0x000007a7       0x22 c:/program files (x86)/gnu tools arm embedded/4.8 2013q4/bin/../lib/gcc/arm-none-eabi/4.8.3/armv7e-m/softfp\libgcc.a(_arm_fixdfsi.o)
 .ARM.attributes
                0x000007c9       0x22 c:/program files (x86)/gnu tools arm embedded/4.8 2013q4/bin/../lib/gcc/arm-none-eabi/4.8.3/armv7e-m/softfp\libgcc.a(_arm_fixunsdfsi.o)
 .ARM.attributes
                0x000007eb       0x22 c:/program files (x86)/gnu tools arm embedded/4.8 2013q4/bin/../lib/gcc/arm-none-eabi/4.8.3/armv7e-m/softfp\libgcc.a(_arm_truncdfsf2.o)
 .ARM.attributes
                0x0000080d       0x32 c:/program files (x86)/gnu tools arm embedded/4.8 2013q4/bin/../lib/gcc/arm-none-eabi/4.8.3/../../../../arm-none-eabi/lib/armv7e-m/softfp\libg.a(lib_a-errno.o)
 .ARM.attributes
                0x0000083f       0x22 c:/program files (x86)/gnu tools arm embedded/4.8 2013q4/bin/../lib/gcc/arm-none-eabi/4.8.3/armv7e-m/softfp/crtn.o
LOAD ..\obj\stm32f429i_discovery_ioe.o
LOAD ..\obj\stm32f4xx_dma2d.o
LOAD ..\obj\stm32f4xx_usart.o
LOAD ..\obj\stm32f4xx_ltdc.o
LOAD ..\obj\main.o
LOAD ..\obj\stm32f4xx_rcc.o
LOAD ..\obj\stm32f4xx_it.o
LOAD ..\obj\Delay.o
LOAD ..\obj\printf.o
LOAD ..\obj\stm32f4xx_gpio.o
LOAD ..\obj\stm32f429i_discovery_sdram.o
LOAD ..\obj\system_stm32f4xx.o
LOAD ..\obj\syscalls.o
LOAD ..\obj\stm32f4xx_dma.o
LOAD ..\obj\stm32f4xx_fmc.o
LOAD ..\obj\Serial.o
LOAD ..\obj\startup_stm32f429_439xx.o
LOAD ..\obj\stm32f4xx_spi.o
LOAD ..\obj\stm32f4xx_i2c.o
LOAD ..\obj\misc.o
LOAD ..\obj\stm32f429i_discovery_lcd.o
LOAD c:/program files (x86)/gnu tools arm embedded/4.8 2013q4/bin/../lib/gcc/arm-none-eabi/4.8.3/../../../../arm-none-eabi/lib/armv7e-m/softfp\libm.a
START GROUP
LOAD c:/program files (x86)/gnu tools arm embedded/4.8 2013q4/bin/../lib/gcc/arm-none-eabi/4.8.3/armv7e-m/softfp\libgcc.a
LOAD c:/program files (x86)/gnu tools arm embedded/4.8 2013q4/bin/../lib/gcc/arm-none-eabi/4.8.3/../../../../arm-none-eabi/lib/armv7e-m/softfp\libg.a
LOAD c:/program files (x86)/gnu tools arm embedded/4.8 2013q4/bin/../lib/gcc/arm-none-eabi/4.8.3/../../../../arm-none-eabi/lib/armv7e-m/softfp\libc.a
END GROUP
LOAD c:/program files (x86)/gnu tools arm embedded/4.8 2013q4/bin/../lib/gcc/arm-none-eabi/4.8.3/armv7e-m/softfp/crtend.o
LOAD c:/program files (x86)/gnu tools arm embedded/4.8 2013q4/bin/../lib/gcc/arm-none-eabi/4.8.3/armv7e-m/softfp/crtn.o
OUTPUT(XV11.elf elf32-littlearm)

.debug_info     0x00000000     0xaf9f
 .debug_info    0x00000000      0xb88 ..\obj\stm32f429i_discovery_ioe.o
 .debug_info    0x00000b88      0x803 ..\obj\stm32f4xx_dma2d.o
 .debug_info    0x0000138b      0x996 ..\obj\stm32f4xx_usart.o
 .debug_info    0x00001d21      0xccc ..\obj\stm32f4xx_ltdc.o
 .debug_info    0x000029ed      0xc56 ..\obj\main.o
 .debug_info    0x00003643      0xde5 ..\obj\stm32f4xx_rcc.o
 .debug_info    0x00004428      0x136 ..\obj\stm32f4xx_it.o
 .debug_info    0x0000455e      0x107 ..\obj\Delay.o
 .debug_info    0x00004665      0xe32 ..\obj\printf.o
 .debug_info    0x00005497      0x5d9 ..\obj\stm32f4xx_gpio.o
 .debug_info    0x00005a70      0x549 ..\obj\stm32f429i_discovery_sdram.o
 .debug_info    0x00005fb9      0x58d ..\obj\system_stm32f4xx.o
 .debug_info    0x00006546      0xc70 ..\obj\stm32f4xx_fmc.o
 .debug_info    0x000071b6      0x8b2 ..\obj\Serial.o
 .debug_info    0x00007a68       0xdc ..\obj\startup_stm32f429_439xx.o
 .debug_info    0x00007b44      0xaf5 ..\obj\stm32f4xx_spi.o
 .debug_info    0x00008639      0xb5b ..\obj\stm32f4xx_i2c.o
 .debug_info    0x00009194      0x51c ..\obj\misc.o
 .debug_info    0x000096b0     0x18ef ..\obj\stm32f429i_discovery_lcd.o

.debug_abbrev   0x00000000     0x1d14
 .debug_abbrev  0x00000000      0x227 ..\obj\stm32f429i_discovery_ioe.o
 .debug_abbrev  0x00000227      0x1a6 ..\obj\stm32f4xx_dma2d.o
 .debug_abbrev  0x000003cd      0x155 ..\obj\stm32f4xx_usart.o
 .debug_abbrev  0x00000522      0x18e ..\obj\stm32f4xx_ltdc.o
 .debug_abbrev  0x000006b0      0x2fd ..\obj\main.o
 .debug_abbrev  0x000009ad      0x1ba ..\obj\stm32f4xx_rcc.o
 .debug_abbrev  0x00000b67       0x95 ..\obj\stm32f4xx_it.o
 .debug_abbrev  0x00000bfc       0xb9 ..\obj\Delay.o
 .debug_abbrev  0x00000cb5      0x27e ..\obj\printf.o
 .debug_abbrev  0x00000f33      0x1a3 ..\obj\stm32f4xx_gpio.o
 .debug_abbrev  0x000010d6      0x161 ..\obj\stm32f429i_discovery_sdram.o
 .debug_abbrev  0x00001237      0x136 ..\obj\system_stm32f4xx.o
 .debug_abbrev  0x0000136d      0x17f ..\obj\stm32f4xx_fmc.o
 .debug_abbrev  0x000014ec      0x1b7 ..\obj\Serial.o
 .debug_abbrev  0x000016a3       0x12 ..\obj\startup_stm32f429_439xx.o
 .debug_abbrev  0x000016b5      0x167 ..\obj\stm32f4xx_spi.o
 .debug_abbrev  0x0000181c      0x164 ..\obj\stm32f4xx_i2c.o
 .debug_abbrev  0x00001980      0x145 ..\obj\misc.o
 .debug_abbrev  0x00001ac5      0x24f ..\obj\stm32f429i_discovery_lcd.o

.debug_aranges  0x00000000      0xd78
 .debug_aranges
                0x00000000       0xf0 ..\obj\stm32f429i_discovery_ioe.o
 .debug_aranges
                0x000000f0       0xb0 ..\obj\stm32f4xx_dma2d.o
 .debug_aranges
                0x000001a0      0x100 ..\obj\stm32f4xx_usart.o
 .debug_aranges
                0x000002a0      0x108 ..\obj\stm32f4xx_ltdc.o
 .debug_aranges
                0x000003a8       0x60 ..\obj\main.o
 .debug_aranges
                0x00000408      0x1b8 ..\obj\stm32f4xx_rcc.o
 .debug_aranges
                0x000005c0       0x60 ..\obj\stm32f4xx_it.o
 .debug_aranges
                0x00000620       0x30 ..\obj\Delay.o
 .debug_aranges
                0x00000650       0xa0 ..\obj\printf.o
 .debug_aranges
                0x000006f0       0x88 ..\obj\stm32f4xx_gpio.o
 .debug_aranges
                0x00000778       0x48 ..\obj\stm32f429i_discovery_sdram.o
 .debug_aranges
                0x000007c0       0x30 ..\obj\system_stm32f4xx.o
 .debug_aranges
                0x000007f0       0xf0 ..\obj\stm32f4xx_fmc.o
 .debug_aranges
                0x000008e0       0x70 ..\obj\Serial.o
 .debug_aranges
                0x00000950       0x28 ..\obj\startup_stm32f429_439xx.o
 .debug_aranges
                0x00000978       0xe0 ..\obj\stm32f4xx_spi.o
 .debug_aranges
                0x00000a58      0x130 ..\obj\stm32f4xx_i2c.o
 .debug_aranges
                0x00000b88       0x40 ..\obj\misc.o
 .debug_aranges
                0x00000bc8      0x1b0 ..\obj\stm32f429i_discovery_lcd.o

.debug_ranges   0x00000000      0xc50
 .debug_ranges  0x00000000       0xe0 ..\obj\stm32f429i_discovery_ioe.o
 .debug_ranges  0x000000e0       0xa0 ..\obj\stm32f4xx_dma2d.o
 .debug_ranges  0x00000180       0xf0 ..\obj\stm32f4xx_usart.o
 .debug_ranges  0x00000270       0xf8 ..\obj\stm32f4xx_ltdc.o
 .debug_ranges  0x00000368       0x50 ..\obj\main.o
 .debug_ranges  0x000003b8      0x1a8 ..\obj\stm32f4xx_rcc.o
 .debug_ranges  0x00000560       0x50 ..\obj\stm32f4xx_it.o
 .debug_ranges  0x000005b0       0x20 ..\obj\Delay.o
 .debug_ranges  0x000005d0       0x90 ..\obj\printf.o
 .debug_ranges  0x00000660       0x78 ..\obj\stm32f4xx_gpio.o
 .debug_ranges  0x000006d8       0x38 ..\obj\stm32f429i_discovery_sdram.o
 .debug_ranges  0x00000710       0x20 ..\obj\system_stm32f4xx.o
 .debug_ranges  0x00000730       0xe0 ..\obj\stm32f4xx_fmc.o
 .debug_ranges  0x00000810       0x60 ..\obj\Serial.o
 .debug_ranges  0x00000870       0x20 ..\obj\startup_stm32f429_439xx.o
 .debug_ranges  0x00000890       0xd0 ..\obj\stm32f4xx_spi.o
 .debug_ranges  0x00000960      0x120 ..\obj\stm32f4xx_i2c.o
 .debug_ranges  0x00000a80       0x30 ..\obj\misc.o
 .debug_ranges  0x00000ab0      0x1a0 ..\obj\stm32f429i_discovery_lcd.o

.debug_line     0x00000000     0x4e57
 .debug_line    0x00000000      0x775 ..\obj\stm32f429i_discovery_ioe.o
 .debug_line    0x00000775      0x3d0 ..\obj\stm32f4xx_dma2d.o
 .debug_line    0x00000b45      0x4a4 ..\obj\stm32f4xx_usart.o
 .debug_line    0x00000fe9      0x4fe ..\obj\stm32f4xx_ltdc.o
 .debug_line    0x000014e7      0x4df ..\obj\main.o
 .debug_line    0x000019c6      0x63d ..\obj\stm32f4xx_rcc.o
 .debug_line    0x00002003      0x1c2 ..\obj\stm32f4xx_it.o
 .debug_line    0x000021c5      0x15c ..\obj\Delay.o
 .debug_line    0x00002321      0x3ae ..\obj\printf.o
 .debug_line    0x000026cf      0x341 ..\obj\stm32f4xx_gpio.o
 .debug_line    0x00002a10      0x35c ..\obj\stm32f429i_discovery_sdram.o
 .debug_line    0x00002d6c      0x1cc ..\obj\system_stm32f4xx.o
 .debug_line    0x00002f38      0x56b ..\obj\stm32f4xx_fmc.o
 .debug_line    0x000034a3      0x34c ..\obj\Serial.o
 .debug_line    0x000037ef       0xc6 ..\obj\startup_stm32f429_439xx.o
 .debug_line    0x000038b5      0x457 ..\obj\stm32f4xx_spi.o
 .debug_line    0x00003d0c      0x501 ..\obj\stm32f4xx_i2c.o
 .debug_line    0x0000420d      0x241 ..\obj\misc.o
 .debug_line    0x0000444e      0xa09 ..\obj\stm32f429i_discovery_lcd.o

.debug_str      0x00000000     0x4d82
 .debug_str     0x00000000      0x83f ..\obj\stm32f429i_discovery_ioe.o
                                0x89d (size before relaxing)
 .debug_str     0x0000083f      0x5b7 ..\obj\stm32f4xx_dma2d.o
                                0x75c (size before relaxing)
 .debug_str     0x00000df6      0x4a6 ..\obj\stm32f4xx_usart.o
                                0x6a0 (size before relaxing)
 .debug_str     0x0000129c      0x82c ..\obj\stm32f4xx_ltdc.o
                                0xa39 (size before relaxing)
 .debug_str     0x00001ac8      0x867 ..\obj\main.o
                                0xb11 (size before relaxing)
 .debug_str     0x0000232f      0x735 ..\obj\stm32f4xx_rcc.o
                                0x9ae (size before relaxing)
 .debug_str     0x00002a64       0xf3 ..\obj\stm32f4xx_it.o
                                0x236 (size before relaxing)
 .debug_str     0x00002b57       0x6c ..\obj\Delay.o
                                0x1de (size before relaxing)
 .debug_str     0x00002bc3      0x4d1 ..\obj\printf.o
                                0x6af (size before relaxing)
 .debug_str     0x00003094      0x1b4 ..\obj\stm32f4xx_gpio.o
                                0x4b1 (size before relaxing)
 .debug_str     0x00003248      0x33b ..\obj\stm32f429i_discovery_sdram.o
                                0x655 (size before relaxing)
 .debug_str     0x00003583       0xe1 ..\obj\system_stm32f4xx.o
                                0x3d5 (size before relaxing)
 .debug_str     0x00003664      0x6f3 ..\obj\stm32f4xx_fmc.o
                                0xa91 (size before relaxing)
 .debug_str     0x00003d57      0x1e4 ..\obj\Serial.o
                                0xb82 (size before relaxing)
 .debug_str     0x00003f3b      0x3bc ..\obj\stm32f4xx_spi.o
                                0x6ae (size before relaxing)
 .debug_str     0x000042f7      0x394 ..\obj\stm32f4xx_i2c.o
                                0x6c3 (size before relaxing)
 .debug_str     0x0000468b      0x122 ..\obj\misc.o
                                0x3ea (size before relaxing)
 .debug_str     0x000047ad      0x5d5 ..\obj\stm32f429i_discovery_lcd.o
                                0xf3b (size before relaxing)

.comment        0x00000000       0x70
 .comment       0x00000000       0x70 ..\obj\stm32f429i_discovery_ioe.o
                                 0x71 (size before relaxing)
 .comment       0x00000000       0x71 ..\obj\stm32f4xx_dma2d.o
 .comment       0x00000000       0x71 ..\obj\stm32f4xx_usart.o
 .comment       0x00000000       0x71 ..\obj\stm32f4xx_ltdc.o
 .comment       0x00000000       0x71 ..\obj\main.o
 .comment       0x00000000       0x71 ..\obj\stm32f4xx_rcc.o
 .comment       0x00000000       0x71 ..\obj\stm32f4xx_it.o
 .comment       0x00000000       0x71 ..\obj\Delay.o
 .comment       0x00000000       0x71 ..\obj\printf.o
 .comment       0x00000000       0x71 ..\obj\stm32f4xx_gpio.o
 .comment       0x00000000       0x71 ..\obj\stm32f429i_discovery_sdram.o
 .comment       0x00000000       0x71 ..\obj\system_stm32f4xx.o
 .comment       0x00000000       0x71 ..\obj\stm32f4xx_fmc.o
 .comment       0x00000000       0x71 ..\obj\Serial.o
 .comment       0x00000000       0x71 ..\obj\stm32f4xx_spi.o
 .comment       0x00000000       0x71 ..\obj\stm32f4xx_i2c.o
 .comment       0x00000000       0x71 ..\obj\misc.o
 .comment       0x00000000       0x71 ..\obj\stm32f429i_discovery_lcd.o

.debug_frame    0x00000000     0x2de8
 .debug_frame   0x00000000      0x358 ..\obj\stm32f429i_discovery_ioe.o
 .debug_frame   0x00000358      0x21c ..\obj\stm32f4xx_dma2d.o
 .debug_frame   0x00000574      0x344 ..\obj\stm32f4xx_usart.o
 .debug_frame   0x000008b8      0x358 ..\obj\stm32f4xx_ltdc.o
 .debug_frame   0x00000c10      0x128 ..\obj\main.o
 .debug_frame   0x00000d38      0x5b8 ..\obj\stm32f4xx_rcc.o
 .debug_frame   0x000012f0       0xec ..\obj\stm32f4xx_it.o
 .debug_frame   0x000013dc       0x5c ..\obj\Delay.o
 .debug_frame   0x00001438      0x244 ..\obj\printf.o
 .debug_frame   0x0000167c      0x19c ..\obj\stm32f4xx_gpio.o
 .debug_frame   0x00001818       0xcc ..\obj\stm32f429i_discovery_sdram.o
 .debug_frame   0x000018e4       0x64 ..\obj\system_stm32f4xx.o
 .debug_frame   0x00001948      0x300 ..\obj\stm32f4xx_fmc.o
 .debug_frame   0x00001c48      0x158 ..\obj\Serial.o
 .debug_frame   0x00001da0      0x2d0 ..\obj\stm32f4xx_spi.o
 .debug_frame   0x00002070      0x3ec ..\obj\stm32f4xx_i2c.o
 .debug_frame   0x0000245c       0x9c ..\obj\misc.o
 .debug_frame   0x000024f8      0x628 ..\obj\stm32f429i_discovery_lcd.o
 .debug_frame   0x00002b20       0x30 c:/program files (x86)/gnu tools arm embedded/4.8 2013q4/bin/../lib/gcc/arm-none-eabi/4.8.3/../../../../arm-none-eabi/lib/armv7e-m/softfp\libm.a(lib_a-s_cos.o)
 .debug_frame   0x00002b50       0x30 c:/program files (x86)/gnu tools arm embedded/4.8 2013q4/bin/../lib/gcc/arm-none-eabi/4.8.3/../../../../arm-none-eabi/lib/armv7e-m/softfp\libm.a(lib_a-s_sin.o)
 .debug_frame   0x00002b80       0x38 c:/program files (x86)/gnu tools arm embedded/4.8 2013q4/bin/../lib/gcc/arm-none-eabi/4.8.3/../../../../arm-none-eabi/lib/armv7e-m/softfp\libm.a(lib_a-w_sqrt.o)
 .debug_frame   0x00002bb8       0x38 c:/program files (x86)/gnu tools arm embedded/4.8 2013q4/bin/../lib/gcc/arm-none-eabi/4.8.3/../../../../arm-none-eabi/lib/armv7e-m/softfp\libm.a(lib_a-e_rem_pio2.o)
 .debug_frame   0x00002bf0       0x34 c:/program files (x86)/gnu tools arm embedded/4.8 2013q4/bin/../lib/gcc/arm-none-eabi/4.8.3/../../../../arm-none-eabi/lib/armv7e-m/softfp\libm.a(lib_a-e_sqrt.o)
 .debug_frame   0x00002c24       0x38 c:/program files (x86)/gnu tools arm embedded/4.8 2013q4/bin/../lib/gcc/arm-none-eabi/4.8.3/../../../../arm-none-eabi/lib/armv7e-m/softfp\libm.a(lib_a-k_cos.o)
 .debug_frame   0x00002c5c       0x3c c:/program files (x86)/gnu tools arm embedded/4.8 2013q4/bin/../lib/gcc/arm-none-eabi/4.8.3/../../../../arm-none-eabi/lib/armv7e-m/softfp\libm.a(lib_a-k_rem_pio2.o)
 .debug_frame   0x00002c98       0x38 c:/program files (x86)/gnu tools arm embedded/4.8 2013q4/bin/../lib/gcc/arm-none-eabi/4.8.3/../../../../arm-none-eabi/lib/armv7e-m/softfp\libm.a(lib_a-k_sin.o)
 .debug_frame   0x00002cd0       0x20 c:/program files (x86)/gnu tools arm embedded/4.8 2013q4/bin/../lib/gcc/arm-none-eabi/4.8.3/../../../../arm-none-eabi/lib/armv7e-m/softfp\libm.a(lib_a-s_fabs.o)
 .debug_frame   0x00002cf0       0x38 c:/program files (x86)/gnu tools arm embedded/4.8 2013q4/bin/../lib/gcc/arm-none-eabi/4.8.3/../../../../arm-none-eabi/lib/armv7e-m/softfp\libm.a(lib_a-s_floor.o)
 .debug_frame   0x00002d28       0x28 c:/program files (x86)/gnu tools arm embedded/4.8 2013q4/bin/../lib/gcc/arm-none-eabi/4.8.3/../../../../arm-none-eabi/lib/armv7e-m/softfp\libm.a(lib_a-s_fpclassify.o)
 .debug_frame   0x00002d50       0x20 c:/program files (x86)/gnu tools arm embedded/4.8 2013q4/bin/../lib/gcc/arm-none-eabi/4.8.3/../../../../arm-none-eabi/lib/armv7e-m/softfp\libm.a(lib_a-s_matherr.o)
 .debug_frame   0x00002d70       0x30 c:/program files (x86)/gnu tools arm embedded/4.8 2013q4/bin/../lib/gcc/arm-none-eabi/4.8.3/../../../../arm-none-eabi/lib/armv7e-m/softfp\libm.a(lib_a-s_scalbn.o)
 .debug_frame   0x00002da0       0x28 c:/program files (x86)/gnu tools arm embedded/4.8 2013q4/bin/../lib/gcc/arm-none-eabi/4.8.3/../../../../arm-none-eabi/lib/armv7e-m/softfp\libm.a(lib_a-s_copysign.o)
 .debug_frame   0x00002dc8       0x20 c:/program files (x86)/gnu tools arm embedded/4.8 2013q4/bin/../lib/gcc/arm-none-eabi/4.8.3/../../../../arm-none-eabi/lib/armv7e-m/softfp\libg.a(lib_a-errno.o)
